#-----------------------------------------------------------
# Vivado v2023.1 (64-bit)
# SW Build 3865809 on Sun May  7 15:05:29 MDT 2023
# IP Build 3864474 on Sun May  7 20:36:21 MDT 2023
# SharedData Build 3865790 on Sun May 07 13:33:03 MDT 2023
# Start of session at: Mon Jan 27 15:49:33 2025
# Process ID: 26756
# Current directory: D:/Desktop/Mul_Freq_DUC/2024-Multi-frequency-DUC/vivado/DUC_AM_ZYNQ
# Command line: vivado.exe -gui_launcher_event rodinguilauncherevent25204 D:\Desktop\Mul_Freq_DUC\2024-Multi-frequency-DUC\vivado\DUC_AM_ZYNQ\DUC_AM_ZYNQ.xpr
# Log file: D:/Desktop/Mul_Freq_DUC/2024-Multi-frequency-DUC/vivado/DUC_AM_ZYNQ/vivado.log
# Journal file: D:/Desktop/Mul_Freq_DUC/2024-Multi-frequency-DUC/vivado/DUC_AM_ZYNQ\vivado.jou
# Running On: MOERJIE_PC, OS: Windows, CPU Frequency: 2688 MHz, CPU Physical cores: 6, Host memory: 34132 MB
#-----------------------------------------------------------
start_gui
open_project D:/Desktop/Mul_Freq_DUC/2024-Multi-frequency-DUC/vivado/DUC_AM_ZYNQ/DUC_AM_ZYNQ.xpr
open_bd_design {D:/Desktop/Mul_Freq_DUC/2024-Multi-frequency-DUC/vivado/DUC_AM_ZYNQ/DUC_AM_ZYNQ.srcs/sources_1/bd/top/top.bd}
update_compile_order -fileset sources_1
