#-----------------------------------------------------------
# Vivado v2023.1 (64-bit)
# SW Build 3865809 on Sun May  7 15:05:29 MDT 2023
# IP Build 3864474 on Sun May  7 20:36:21 MDT 2023
# SharedData Build 3865790 on Sun May 07 13:33:03 MDT 2023
# Start of session at: Wed Jan 15 20:38:54 2025
# Process ID: 9288
# Current directory: D:/Desktop/Mul_Freq_DUC/2024-Multi-frequency-DUC/vivado/DUC_AM_ZYNQ/DUC_AM_ZYNQ.runs/impl_1
# Command line: vivado.exe -log top_wrapper.vdi -applog -product Vivado -messageDb vivado.pb -mode batch -source top_wrapper.tcl -notrace
# Log file: D:/Desktop/Mul_Freq_DUC/2024-Multi-frequency-DUC/vivado/DUC_AM_ZYNQ/DUC_AM_ZYNQ.runs/impl_1/top_wrapper.vdi
# Journal file: D:/Desktop/Mul_Freq_DUC/2024-Multi-frequency-DUC/vivado/DUC_AM_ZYNQ/DUC_AM_ZYNQ.runs/impl_1\vivado.jou
# Running On: MOERJIE_PC, OS: Windows, CPU Frequency: 2688 MHz, CPU Physical cores: 6, Host memory: 34132 MB
#-----------------------------------------------------------
source top_wrapper.tcl -notrace
